// Jest Snapshot v1, https://goo.gl/fbAQLP

exports[`测试generate-to-class-adaptor 测试1 1`] = `
Object {
  "func": "function toDemoAdaptorFunc(bInfo: any[]) {
  const result = plainToClass(Demo, bInfo, {
    excludeExtraneousValues: true
  });

  return result.filter(item => item.isParsedCorrect());
}",
  "funcName": "toDemoAdaptorFunc",
}
`;
